src/pages/fallos.tsx(56,25): error TS6133: 'setCyberDuration' is declared but its value is never read.
src/pages/fallos.tsx(169,7): error TS2322: Type '{ hidden: { opacity: number; y: number; }; visible: { opacity: number; y: number; transition: { duration: number; staggerChildren: number; ease: string; }; }; }' is not assignable to type 'Variants'.
  Property 'visible' is incompatible with index signature.
    Type '{ opacity: number; y: number; transition: { duration: number; staggerChildren: number; ease: string; }; }' is not assignable to type 'Variant'.
      Type '{ opacity: number; y: number; transition: { duration: number; staggerChildren: number; ease: string; }; }' is not assignable to type 'TargetAndTransition'.
        Type '{ opacity: number; y: number; transition: { duration: number; staggerChildren: number; ease: string; }; }' is not assignable to type '{ transition?: Transition<any> | undefined; transitionEnd?: ResolvedValues$1 | undefined; }'.
          Types of property 'transition' are incompatible.
            Type '{ duration: number; staggerChildren: number; ease: string; }' is not assignable to type 'Transition<any> | undefined'.
              Type '{ duration: number; staggerChildren: number; ease: string; }' is not assignable to type 'TransitionWithValueOverrides<any>'.
                Type '{ duration: number; staggerChildren: number; ease: string; }' is not assignable to type 'ValueAnimationTransition<any>'.
                  Types of property 'ease' are incompatible.
                    Type 'string' is not assignable to type 'Easing | Easing[] | undefined'.
src/pages/fallos.tsx(243,68): error TS2339: Property 'status' does not exist on type 'NavalSystem'.
